	<nest>
		<egg age="2d"></egg>
		<bird></bird>
	</nest>
