<html> 
	<head>
		<title>Demo of a script in Rana</title>
	</head>

	<body> 
		<script> 
			
			var a = "this demo is working!!"
			alert(a)
			
		</script>
	</body>
</html>